// Jest Snapshot v1, https://goo.gl/fbAQLP

exports[`Page:index should render correctly in "debug" mode 1`] = `ShallowWrapper {}`;
