// Jest Snapshot v1, https://goo.gl/fbAQLP

exports[`Components snapshots should render with given state from Redux store 1`] = `ShallowWrapper {}`;
